// Jest Snapshot v1, https://goo.gl/fbAQLP

exports[`Tests for <Mission /> component Should match the snapshot 1`] = `
<table
  className="table"
>
  <tbody>
    <tr>
      <td>
        <strong>
          Mission 2
        </strong>
      </td>
      <td>
        Mission description
      </td>
      <td
        className="align-middle"
      >
        <button
          className="btn btn-secondary btn-sm"
          disabled={false}
          type="button"
        >
          NOT A MEMBER
        </button>
      </td>
      <td
        className="align-middle"
      >
        <button
          className="btn btn-outline-secondary"
          disabled={false}
          onClick={[Function]}
          type="button"
        >
          Join Mission
        </button>
      </td>
    </tr>
  </tbody>
</table>
`;
